/workspace/miniconda/envs/amic-q3/lib/python3.11/site-packages/transformers/utils/hub.py:110: FutureWarning: Using `TRANSFORMERS_CACHE` is deprecated and will be removed in v5 of Transformers. Use `HF_HOME` instead.
  warnings.warn(
Loading checkpoint shards:   0%|          | 0/4 [00:00<?, ?it/s]Loading checkpoint shards:  25%|██▌       | 1/4 [00:00<00:01,  2.19it/s]Loading checkpoint shards:  50%|█████     | 2/4 [00:00<00:00,  2.25it/s]Loading checkpoint shards:  75%|███████▌  | 3/4 [00:01<00:00,  2.25it/s]Loading checkpoint shards: 100%|██████████| 4/4 [00:01<00:00,  2.63it/s]Loading checkpoint shards: 100%|██████████| 4/4 [00:01<00:00,  2.47it/s]
Loading checkpoint shards:   0%|          | 0/4 [00:00<?, ?it/s]Loading checkpoint shards:  25%|██▌       | 1/4 [00:00<00:01,  2.31it/s]Loading checkpoint shards:  50%|█████     | 2/4 [00:00<00:00,  2.31it/s]Loading checkpoint shards:  75%|███████▌  | 3/4 [00:01<00:00,  2.31it/s]Loading checkpoint shards: 100%|██████████| 4/4 [00:01<00:00,  2.73it/s]Loading checkpoint shards: 100%|██████████| 4/4 [00:01<00:00,  2.56it/s]
{
 "passed": false,
 "finite": true,
 "B_pearson_min": 0.982154441850286,
 "B_maxabs": 0.44391632080078125,
 "B_noise_floor": 0.09769058227539062,
 "B_line": 0.20538116455078126,
 "A_pearson_min": 0.04976176868568869,
 "A_top10_overlap_min": 6,
 "answers_same": 79,
 "answers_n": 80,
 "seconds_eager_10img": 251.3529634475708,
 "seconds_sdpa_10img": 185.6346743106842,
 "answers_diff": [
  [
   "green sneakers",
   "sneakers"
  ]
 ]
}
exit 0
